// Jest Snapshot v1, https://goo.gl/fbAQLP

exports[`ofBusinessError works 1`] = `
Object {
  "error": Object {
    "message": "bob",
  },
}
`;
